\BOOKMARK [1][-]{section.1}{\376\377\000G\000r\000u\000n\000d\000s\000\344\000t\000z\000e}{}% 1
\BOOKMARK [2][-]{subsection.1.1}{\376\377\000S\000t\000a\000b\000i\000l\000i\000t\000\344\000t\000\040\000v\000o\000n\000\040\000R\000a\000d\000i\000k\000a\000l\000e\000n}{section.1}% 2
\BOOKMARK [2][-]{subsection.1.2}{\376\377\000R\000e\000a\000k\000t\000i\000v\000i\000t\000\344\000t\000\040\000v\000o\000n\000\040\000A\000l\000k\000e\000n\000e\000n\000\040\000v\000s\000.\000\040\000A\000l\000k\000i\000n\000e}{section.1}% 3
\BOOKMARK [2][-]{subsection.1.3}{\376\377\000K\000e\000t\000o\000-\000E\000n\000o\000l\000-\000T\000a\000u\000t\000o\000m\000e\000r\000i\000e}{section.1}% 4
\BOOKMARK [2][-]{subsection.1.4}{\376\377\000W\000a\000g\000n\000e\000r\000-\000M\000e\000e\000r\000w\000e\000i\000n\000-\000U\000m\000l\000a\000g\000e\000r\000u\000n\000g}{section.1}% 5
\BOOKMARK [1][-]{section.2}{\376\377\000A\000l\000i\000p\000h\000a\000t\000i\000s\000c\000h}{}% 6
\BOOKMARK [2][-]{subsection.2.1}{\376\377\000R\000a\000d\000i\000k\000a\000l\000i\000s\000c\000h\000e\000\040\000S\000u\000b\000s\000t\000i\000t\000u\000t\000i\000o\000n}{section.2}% 7
\BOOKMARK [3][-]{subsubsection.2.1.1}{\376\377\000A\000n\000d\000e\000r\000e\000\040\000K\000e\000t\000t\000e\000n\000s\000t\000a\000r\000t\000r\000e\000a\000k\000t\000i\000o\000n\000e\000n}{subsection.2.1}% 8
\BOOKMARK [3][-]{subsubsection.2.1.2}{\376\377\000R\000a\000d\000i\000k\000a\000l\000s\000t\000a\000r\000t\000e\000r}{subsection.2.1}% 9
\BOOKMARK [3][-]{subsubsection.2.1.3}{\376\377\000R\000a\000d\000i\000k\000a\000l\000i\000s\000c\000h\000e\000\040\000R\000e\000d\000u\000k\000t\000i\000o\000n}{subsection.2.1}% 10
\BOOKMARK [3][-]{subsubsection.2.1.4}{\376\377\000R\000a\000d\000i\000k\000a\000l\000i\000s\000c\000h\000e\000\040\000B\000r\000o\000m\000i\000e\000r\000u\000n\000g\000\040\000m\000i\000t\000\040\000N\000B\000S\000\040\000\050\000W\000o\000h\000l\000-\000Z\000i\000e\000g\000l\000e\000r\000-\000B\000r\000o\000m\000i\000e\000r\000u\000n\000g\000\051}{subsection.2.1}% 11
\BOOKMARK [2][-]{subsection.2.2}{\376\377\000E\000l\000i\000m\000i\000n\000i\000e\000r\000u\000n\000g}{section.2}% 12
\BOOKMARK [3][-]{subsubsection.2.2.1}{\376\377\000R\000e\000a\000k\000t\000i\000o\000n\000e\000n}{subsection.2.2}% 13
\BOOKMARK [3][-]{subsubsection.2.2.2}{\376\377\000E\0002}{subsection.2.2}% 14
\BOOKMARK [3][-]{subsubsection.2.2.3}{\376\377\000E\0001}{subsection.2.2}% 15
\BOOKMARK [3][-]{subsubsection.2.2.4}{\376\377\000E\0001\000c\000b}{subsection.2.2}% 16
\BOOKMARK [3][-]{subsubsection.2.2.5}{\376\377\000K\000o\000n\000k\000u\000r\000e\000n\000z\000\040\000E\000\040\000v\000s\000\040\000S\000N}{subsection.2.2}% 17
\BOOKMARK [3][-]{subsubsection.2.2.6}{\376\377\000A\000l\000l\000g\000e\000m\000e\000i\000n\000e\000s\000\040\000z\000u\000r\000\040\000E\000l\000i\000m\000i\000n\000i\000e\000r\000u\000n\000g}{subsection.2.2}% 18
\BOOKMARK [3][-]{subsubsection.2.2.7}{\376\377\000C\000h\000u\000g\000a\000e\000v\000-\000R\000e\000a\000k\000t\000i\000o\000n}{subsection.2.2}% 19
\BOOKMARK [3][-]{subsubsection.2.2.8}{\376\377\000E\000s\000t\000e\000r\000p\000y\000r\000o\000l\000y\000s\000e}{subsection.2.2}% 20
\BOOKMARK [3][-]{subsubsection.2.2.9}{\376\377\000C\000o\000p\000e\000-\000E\000l\000i\000m\000i\000n\000i\000e\000r\000u\000n\000g}{subsection.2.2}% 21
\BOOKMARK [2][-]{subsection.2.3}{\376\377\000E\000l\000e\000k\000t\000r\000o\000p\000h\000i\000l\000e\000\040\000A\000d\000d\000i\000t\000i\000o\000n}{section.2}% 22
\BOOKMARK [3][-]{subsubsection.2.3.1}{\376\377\000A\000d\000d\000i\000t\000i\000o\000n\000\040\000v\000o\000n\000\040\000X\0002\000\040\000a\000n\000\040\000D\000o\000p\000p\000e\000l\000b\000i\000n\000d\000u\000n\000g\000e\000n}{subsection.2.3}% 23
\BOOKMARK [3][-]{subsubsection.2.3.2}{\376\377\000E\000l\000e\000k\000t\000r\000o\000p\000h\000i\000l\000e\000\040\000A\000d\000d\000i\000t\000i\000o\000n\000\040\000v\000o\000n\000\040\000H\000X\000\040\000a\000n\000\040\000D\000o\000p\000p\000e\000l\000b\000i\000n\000d\000u\000n\000g\000e\000n}{subsection.2.3}% 24
\BOOKMARK [3][-]{subsubsection.2.3.3}{\376\377\000S\000\344\000u\000r\000e\000k\000a\000t\000a\000l\000y\000s\000i\000e\000r\000t\000e\000\040\000A\000d\000d\000i\000t\000i\000o\000n\000\040\000v\000o\000n\000\040\000W\000a\000s\000s\000e\000r\000\040\000u\000n\000d\000\040\000A\000l\000k\000o\000h\000o\000l\000e\000n}{subsection.2.3}% 25
\BOOKMARK [3][-]{subsubsection.2.3.4}{\376\377\000A\000d\000d\000i\000t\000i\000o\000n\000\040\000a\000n\000\040\000k\000o\000n\000j\000u\000g\000i\000e\000r\000t\000e\000\040\000D\000o\000p\000p\000e\000l\000b\000i\000n\000d\000u\000n\000g\000e\000n}{subsection.2.3}% 26
\BOOKMARK [3][-]{subsubsection.2.3.5}{\376\377\000E\000l\000e\000k\000t\000r\000o\000p\000h\000i\000l\000e\000\040\000B\000r\000o\000m\000i\000e\000r\000u\000n\000g\000\040\000m\000i\000t\000\040\000N\000B\000S}{subsection.2.3}% 27
\BOOKMARK [3][-]{subsubsection.2.3.6}{\376\377\000O\000x\000y\000m\000e\000r\000c\000u\000r\000i\000e\000r\000u\000n\000g}{subsection.2.3}% 28
\BOOKMARK [3][-]{subsubsection.2.3.7}{\376\377\000H\000y\000d\000r\000o\000b\000o\000r\000i\000e\000r\000u\000n\000g}{subsection.2.3}% 29
\BOOKMARK [3][-]{subsubsection.2.3.8}{\376\377\000E\000p\000o\000x\000i\000d\000i\000e\000r\000u\000n\000g\000\040\000v\000o\000n\000\040\000D\000o\000p\000p\000e\000l\000b\000i\000n\000d\000u\000n\000g\000e\000n}{subsection.2.3}% 30
\BOOKMARK [2][-]{subsection.2.4}{\376\377\000R\000a\000d\000i\000k\000a\000l\000i\000s\000c\000h\000e\000\040\000A\000d\000d\000i\000t\000i\000o\000n}{section.2}% 31
\BOOKMARK [3][-]{subsubsection.2.4.1}{\376\377\000R\000a\000d\000i\000k\000a\000l\000i\000s\000c\000h\000e\000\040\000A\000d\000d\000i\000t\000i\000o\000n\000\040\000a\000n\000\040\000D\000o\000p\000p\000e\000l\000b\000i\000n\000d\000u\000n\000g\000e\000n}{subsection.2.4}% 32
\BOOKMARK [3][-]{subsubsection.2.4.2}{\376\377\000R\000a\000d\000i\000k\000a\000l\000i\000s\000c\000h\000e\000\040\000A\000l\000k\000y\000l\000i\000e\000r\000u\000n\000g\000\040\000v\000o\000n\000\040\000D\000o\000p\000p\000e\000l\000b\000i\000n\000d\000u\000n\000g\000e\000n}{subsection.2.4}% 33
\BOOKMARK [2][-]{subsection.2.5}{\376\377\000C\000y\000c\000l\000o\000a\000d\000d\000i\000t\000i\000o\000n}{section.2}% 34
\BOOKMARK [3][-]{subsubsection.2.5.1}{\376\377\000D\000i\000e\000l\000s\000-\000A\000l\000d\000e\000r\000\040\000\050\000[\0004\000+\0002\000]\000-\000C\000y\000c\000l\000o\000a\000d\000d\000i\000t\000i\000o\000n\000\051}{subsection.2.5}% 35
\BOOKMARK [3][-]{subsubsection.2.5.2}{\376\377\000C\000r\000i\000e\000g\000e\000e\000\040\000O\000x\000i\000d\000a\000t\000i\000o\000n\000\040\000\050\000O\000z\000o\000n\000o\000l\000y\000s\000e\000\051}{subsection.2.5}% 36
\BOOKMARK [3][-]{subsubsection.2.5.3}{\376\377\000O\000x\000i\000d\000a\000t\000i\000o\000n\000\040\000m\000i\000t\000\040\000K\000M\000n\000O\0004}{subsection.2.5}% 37
\BOOKMARK [3][-]{subsubsection.2.5.4}{\376\377\000O\000x\000i\000d\000a\000t\000i\000o\000n\000\040\000m\000i\000t\000\040\000O\000s\000O\0004}{subsection.2.5}% 38
\BOOKMARK [2][-]{subsection.2.6}{\376\377\000N\000u\000c\000l\000e\000o\000p\000h\000i\000l\000e\000\040\000S\000u\000b\000s\000t\000i\000t\000u\000t\000i\000o\000n}{section.2}% 39
\BOOKMARK [3][-]{subsubsection.2.6.1}{\376\377\000S\000N\000\040\0002}{subsection.2.6}% 40
\BOOKMARK [3][-]{subsubsection.2.6.2}{\376\377\000S\000N\000\040\0001}{subsection.2.6}% 41
\BOOKMARK [3][-]{subsubsection.2.6.3}{\376\377\000F\000i\000n\000k\000e\000l\000s\000t\000e\000i\000n\000-\000R\000e\000a\000k\000t\000i\000o\000n}{subsection.2.6}% 42
\BOOKMARK [3][-]{subsubsection.2.6.4}{\376\377\000G\000a\000b\000r\000i\000e\000l\000-\000S\000y\000n\000t\000h\000e\000s\000e}{subsection.2.6}% 43
\BOOKMARK [3][-]{subsubsection.2.6.5}{\376\377\000A\000l\000k\000y\000l\000i\000e\000r\000u\000n\000g\000\040\000v\000o\000n\000\040\000P\000h\000o\000s\000p\000h\000o\000r\000v\000e\000r\000b\000i\000n\000d\000u\000n\000g\000e\000n}{subsection.2.6}% 44
\BOOKMARK [3][-]{subsubsection.2.6.6}{\376\377\000K\000o\000l\000b\000e\000\040\000N\000i\000t\000r\000i\000l\000s\000y\000n\000t\000h\000e\000s\000e}{subsection.2.6}% 45
\BOOKMARK [3][-]{subsubsection.2.6.7}{\376\377\000A\000p\000p\000e\000l\000-\000R\000e\000a\000k\000t\000i\000o\000n}{subsection.2.6}% 46
\BOOKMARK [3][-]{subsubsection.2.6.8}{\376\377\000D\000a\000r\000s\000t\000e\000l\000l\000u\000n\000g\000\040\000v\000o\000n\000\040\000T\000h\000i\000o\000l\000e\000n\000\040\000m\000i\000t\000\040\000T\000h\000i\000o\000h\000a\000r\000n\000s\000t\000o\000f\000f}{subsection.2.6}% 47
\BOOKMARK [3][-]{subsubsection.2.6.9}{\376\377\000W\000i\000l\000l\000i\000a\000m\000s\000o\000n\000s\000c\000h\000e\000\040\000E\000t\000h\000e\000r\000s\000y\000n\000t\000h\000e\000s\000e}{subsection.2.6}% 48
\BOOKMARK [3][-]{subsubsection.2.6.10}{\376\377\000E\000t\000h\000e\000r\000s\000p\000a\000l\000t\000u\000n\000g}{subsection.2.6}% 49
\BOOKMARK [3][-]{subsubsection.2.6.11}{\376\377\000S\000c\000h\000m\000i\000d\000t\000-\000A\000b\000b\000a\000u}{subsection.2.6}% 50
\BOOKMARK [3][-]{subsubsection.2.6.12}{\376\377\000A\000c\000y\000l\000i\000e\000r\000u\000n\000g\000\040\000v\000o\000n\000\040\000A\000m\000i\000n\000e\000n}{subsection.2.6}% 51
\BOOKMARK [3][-]{subsubsection.2.6.13}{\376\377\000H\000i\000n\000s\000b\000e\000r\000g\000-\000T\000r\000e\000n\000n\000u\000n\000g\000\040\000v\000o\000n\000\040\000p\000r\000i\000m\000\344\000r\000e\000n\000\040\000u\000n\000d\000\040\000s\000e\000k\000u\000n\000d\000\344\000r\000e\000n\000\040\000A\000m\000i\000n\000e\000n}{subsection.2.6}% 52
\BOOKMARK [2][-]{subsection.2.7}{\376\377\000S\000o\000n\000s\000t\000i\000g\000e\000s}{section.2}% 53
\BOOKMARK [3][-]{subsubsection.2.7.1}{\376\377\000S\000i\000m\000m\000o\000n\000s\000-\000S\000m\000i\000t\000h\000-\000R\000e\000a\000k\000t\000i\000o\000n}{subsection.2.7}% 54
\BOOKMARK [3][-]{subsubsection.2.7.2}{\376\377\000V\000e\000r\000e\000s\000t\000e\000r\000u\000n\000g\000\040\000m\000i\000t\000\040\000D\000i\000a\000z\000o\000m\000e\000t\000h\000a\000n}{subsection.2.7}% 55
\BOOKMARK [2][-]{subsection.2.8}{\376\377\000H\000o\000f\000m\000a\000n\000n\000-\000U\000m\000l\000a\000g\000e\000r\000u\000n\000g}{section.2}% 56
\BOOKMARK [3][-]{subsubsection.2.8.1}{\376\377\000M\000e\000t\000a\000l\000l\000o\000r\000g\000a\000n\000i\000k}{subsection.2.8}% 57
\BOOKMARK [3][-]{subsubsection.2.8.2}{\376\377\000R\000e\000d\000u\000k\000t\000i\000o\000n\000e\000n}{subsection.2.8}% 58
\BOOKMARK [3][-]{subsubsection.2.8.3}{\376\377\000O\000x\000i\000d\000a\000t\000i\000o\000n\000e\000n}{subsection.2.8}% 59
\BOOKMARK [1][-]{section.3}{\376\377\000A\000r\000o\000m\000a\000t\000i\000s\000c\000h}{}% 60
\BOOKMARK [2][-]{subsection.3.1}{\376\377\000E\000l\000e\000k\000t\000r\000o\000p\000h\000i\000l\000e\000\040\000S\000u\000b\000s\000t\000i\000t\000u\000t\000i\000o\000n\000\040\000a\000m\000\040\000A\000r\000o\000m\000a\000t\000e\000n}{section.3}% 61
\BOOKMARK [3][-]{subsubsection.3.1.1}{\376\377\000N\000i\000t\000r\000i\000e\000r\000u\000n\000g}{subsection.3.1}% 62
\BOOKMARK [3][-]{subsubsection.3.1.2}{\376\377\000S\000u\000l\000f\000o\000n\000i\000e\000r\000u\000n\000g}{subsection.3.1}% 63
\BOOKMARK [3][-]{subsubsection.3.1.3}{\376\377\000F\000r\000i\000e\000d\000e\000l\000-\000C\000r\000a\000f\000t\000s\000-\000A\000l\000k\000y\000l\000i\000e\000r\000u\000n\000g}{subsection.3.1}% 64
\BOOKMARK [3][-]{subsubsection.3.1.4}{\376\377\000F\000r\000i\000e\000d\000e\000l\000-\000C\000r\000a\000f\000t\000s\000-\000A\000c\000y\000l\000i\000e\000r\000u\000n\000g}{subsection.3.1}% 65
\BOOKMARK [3][-]{subsubsection.3.1.5}{\376\377\000V\000i\000l\000s\000m\000e\000y\000e\000r\000-\000H\000a\000c\000k\000-\000F\000o\000r\000m\000y\000l\000i\000e\000r\000u\000n\000g}{subsection.3.1}% 66
\BOOKMARK [3][-]{subsubsection.3.1.6}{\376\377\000K\000o\000l\000b\000e\000-\000S\000c\000h\000m\000i\000t\000t}{subsection.3.1}% 67
\BOOKMARK [3][-]{subsubsection.3.1.7}{\376\377\000H\000o\000o\000k\000s\000c\000h\000e\000\040\000P\000h\000e\000n\000o\000l\000s\000y\000n\000t\000h\000e\000s\000e}{subsection.3.1}% 68
\BOOKMARK [2][-]{subsection.3.2}{\376\377\000D\000i\000a\000z\000o\000t\000i\000e\000r\000u\000n\000g\000\040\000u\000n\000d\000\040\000A\000z\000o\000k\000u\000p\000p\000l\000u\000n\000g}{section.3}% 69
\BOOKMARK [3][-]{subsubsection.3.2.1}{\376\377\000D\000i\000a\000z\000o\000t\000i\000e\000r\000u\000n\000g}{subsection.3.2}% 70
\BOOKMARK [3][-]{subsubsection.3.2.2}{\376\377\000A\000z\000o\000k\000u\000p\000p\000l\000u\000n\000g}{subsection.3.2}% 71
\BOOKMARK [2][-]{subsection.3.3}{\376\377\000R\000e\000a\000k\000t\000i\000o\000n\000e\000n\000\040\000m\000i\000t\000\040\000D\000i\000a\000z\000o\000n\000i\000u\000m\000s\000a\000l\000z\000e\000n}{section.3}% 72
\BOOKMARK [3][-]{subsubsection.3.3.1}{\376\377\000P\000h\000e\000n\000o\000l\000v\000e\000r\000k\000o\000c\000h\000u\000n\000g}{subsection.3.3}% 73
\BOOKMARK [3][-]{subsubsection.3.3.2}{\376\377\000S\000a\000n\000d\000m\000e\000y\000e\000r\000-\000R\000e\000a\000k\000t\000i\000o\000n}{subsection.3.3}% 74
\BOOKMARK [3][-]{subsubsection.3.3.3}{\376\377\000S\000c\000h\000i\000e\000m\000a\000n\000n\000-\000R\000e\000a\000k\000t\000i\000o\000n}{subsection.3.3}% 75
\BOOKMARK [2][-]{subsection.3.4}{\376\377\000N\000u\000c\000l\000e\000o\000p\000h\000i\000l\000e\000\040\000A\000r\000o\000m\000a\000t\000i\000s\000c\000h\000e\000\040\000S\000u\000b\000s\000t\000i\000t\000u\000t\000i\000o\000n}{section.3}% 76
\BOOKMARK [3][-]{subsubsection.3.4.1}{\376\377\000A\000l\000l\000g\000e\000m\000e\000i\000n}{subsection.3.4}% 77
\BOOKMARK [3][-]{subsubsection.3.4.2}{\376\377\000B\000e\000s\000o\000n\000d\000e\000r\000e\000\040\000A\000r\000-\000S\000N}{subsection.3.4}% 78
\BOOKMARK [2][-]{subsection.3.5}{\376\377\000H\000y\000d\000r\000i\000e\000r\000u\000n\000g\000\040\000v\000o\000n\000\040\000A\000r\000o\000m\000a\000t\000e\000n}{section.3}% 79
\BOOKMARK [3][-]{subsubsection.3.5.1}{\376\377\000V\000o\000l\000l\000s\000t\000\344\000n\000d\000i\000g\000e\000\040\000H\000y\000d\000r\000i\000e\000r\000u\000n\000g\000\040\000m\000i\000t\000\040\000M\000e\000t\000a\000l\000l\000k\000a\000t\000a\000l\000y\000s\000a\000t\000o\000r\000e\000n}{subsection.3.5}% 80
\BOOKMARK [3][-]{subsubsection.3.5.2}{\376\377\000B\000i\000r\000c\000h\000-\000R\000e\000d\000u\000k\000t\000i\000o\000n\000\040\000v\000o\000n\000\040\000A\000r\000o\000m\000a\000t\000e\000n}{subsection.3.5}% 81
\BOOKMARK [3][-]{subsubsection.3.5.3}{\376\377\000R\000e\000d\000u\000k\000t\000i\000o\000n\000\040\000d\000e\000r\000\040\000N\000i\000t\000r\000o\000-\000G\000r\000u\000p\000p\000e}{subsection.3.5}% 82
\BOOKMARK [2][-]{subsection.3.6}{\376\377\000O\000x\000i\000d\000a\000t\000i\000o\000n\000\040\000a\000m\000\040\000A\000r\000o\000m\000a\000t\000e\000n}{section.3}% 83
\BOOKMARK [3][-]{subsubsection.3.6.1}{\376\377\000O\000x\000i\000d\000a\000t\000i\000o\000n\000\040\000v\000o\000n\000\040\000A\000l\000k\000y\000l\000-\000S\000u\000b\000s\000t\000i\000t\000u\000e\000n\000t\000e\000n}{subsection.3.6}% 84
\BOOKMARK [3][-]{subsubsection.3.6.2}{\376\377\000S\000e\000l\000e\000k\000t\000i\000v\000e\000\040\000b\000e\000n\000z\000y\000l\000i\000s\000c\000h\000e\000\040\000O\000x\000i\000d\000a\000t\000i\000o\000n}{subsection.3.6}% 85
\BOOKMARK [2][-]{subsection.3.7}{\376\377\000B\000e\000s\000o\000n\000d\000e\000r\000h\000e\000i\000t\000e\000n\000\040\000v\000o\000n\000\040\000P\000h\000e\000n\000o\000l\000e\000n}{section.3}% 86
\BOOKMARK [3][-]{subsubsection.3.7.1}{\376\377\000O\000x\000i\000d\000a\000t\000o\000n\000\040\000v\000o\000n\000\040\000P\000h\000e\000n\000o\000l\000e\000n\000\040\000z\000u\000\040\000C\000h\000i\000n\000o\000n\000e\000n}{subsection.3.7}% 87
\BOOKMARK [3][-]{subsubsection.3.7.2}{\376\377\000S\000p\000e\000z\000i\000a\000l\000f\000a\000l\000l\000\040\000d\000e\000r\000\040\000B\000r\000o\000m\000i\000e\000r\000u\000n\000g\000\040\000v\000o\000n\000\040\000P\000h\000e\000n\000o\000l\000e\000n}{subsection.3.7}% 88
\BOOKMARK [3][-]{subsubsection.3.7.3}{\376\377\000R\000e\000i\000m\000e\000r\000\040\000T\000i\000e\000m\000a\000n\000n\000-\000R\000e\000a\000k\000t\000i\000o\000n}{subsection.3.7}% 89
\BOOKMARK [3][-]{subsubsection.3.7.4}{\376\377\000C\000l\000a\000i\000s\000e\000n\000-\000U\000m\000l\000a\000g\000e\000r\000u\000n\000g\000\040\000v\000o\000n\000\040\000P\000h\000e\000n\000o\000l\000-\000V\000i\000n\000y\000l\000e\000t\000h\000e\000r}{subsection.3.7}% 90
\BOOKMARK [3][-]{subsubsection.3.7.5}{\376\377\000R\000e\000a\000k\000t\000i\000o\000n\000\040\000v\000o\000n\000\040\000A\000m\000i\000n\000e\000n\000\040\000z\000u\000\040\000I\000s\000o\000n\000i\000t\000r\000i\000l\000e\000n}{subsection.3.7}% 91
